C:\jfs\20\Hospital-management-system\hms\src\main\java\com\codegnan\controller\DoctorController.java
C:\jfs\20\Hospital-management-system\hms\src\main\java\com\codegnan\controller\PatientController.java
C:\jfs\20\Hospital-management-system\hms\src\main\java\com\codegnan\controller\VisitController.java
C:\jfs\20\Hospital-management-system\hms\src\main\java\com\codegnan\entity\Doctor.java
C:\jfs\20\Hospital-management-system\hms\src\main\java\com\codegnan\entity\Patient.java
C:\jfs\20\Hospital-management-system\hms\src\main\java\com\codegnan\entity\Person.java
C:\jfs\20\Hospital-management-system\hms\src\main\java\com\codegnan\entity\Visit.java
C:\jfs\20\Hospital-management-system\hms\src\main\java\com\codegnan\exception\CustomExceptionHandler.java
C:\jfs\20\Hospital-management-system\hms\src\main\java\com\codegnan\exception\ErrorResponse.java
C:\jfs\20\Hospital-management-system\hms\src\main\java\com\codegnan\exception\InvalidDateFormatException.java
C:\jfs\20\Hospital-management-system\hms\src\main\java\com\codegnan\exception\InvalidDoctorIdException.java
C:\jfs\20\Hospital-management-system\hms\src\main\java\com\codegnan\exception\InvalidPatientIdException.java
C:\jfs\20\Hospital-management-system\hms\src\main\java\com\codegnan\exception\InvalidVisitIdException.java
C:\jfs\20\Hospital-management-system\hms\src\main\java\com\codegnan\HospitalManagemantApplication.java
C:\jfs\20\Hospital-management-system\hms\src\main\java\com\codegnan\repo\DoctorRepo.java
C:\jfs\20\Hospital-management-system\hms\src\main\java\com\codegnan\repo\PatientRepo.java
C:\jfs\20\Hospital-management-system\hms\src\main\java\com\codegnan\repo\PersonRepo.java
C:\jfs\20\Hospital-management-system\hms\src\main\java\com\codegnan\repo\VisitRepo.java
C:\jfs\20\Hospital-management-system\hms\src\main\java\com\codegnan\service\DoctorService.java
C:\jfs\20\Hospital-management-system\hms\src\main\java\com\codegnan\service\PatientService.java
C:\jfs\20\Hospital-management-system\hms\src\main\java\com\codegnan\service\VisitService.java
